// Jest Snapshot v1, https://goo.gl/fbAQLP

exports[`MicrogridGraphic displays the graphic 1`] = `
<div
  className="system-graphic"
>
  <div
    className="graphic-content"
    style={
      Object {
        "height": 345.9210147016431,
        "margin": "57.653502450273855px 100px",
        "width": 600,
      }
    }
  >
    <div
      className="ground"
    >
      <div
        className="tile"
        style={
          Object {
            "left": 200,
            "top": 0,
            "width": 200,
          }
        }
      >
        <img
          className="ground-tile"
          src="grass.png"
        />
      </div>
      <div
        className="tile"
        style={
          Object {
            "left": 300,
            "top": 57.653502450273855,
            "width": 200,
          }
        }
      >
        <img
          className="ground-tile"
          src="grass.png"
        />
      </div>
      <div
        className="tile"
        style={
          Object {
            "left": 400,
            "top": 115.30700490054771,
            "width": 200,
          }
        }
      >
        <img
          className="ground-tile"
          src="grass.png"
        />
      </div>
      <div
        className="tile"
        style={
          Object {
            "left": 100,
            "top": 57.653502450273855,
            "width": 200,
          }
        }
      >
        <img
          className="ground-tile"
          src="grass.png"
        />
      </div>
      <div
        className="tile"
        style={
          Object {
            "left": 200,
            "top": 115.30700490054771,
            "width": 200,
          }
        }
      >
        <img
          className="ground-tile"
          src="grass.png"
        />
      </div>
      <div
        className="tile"
        style={
          Object {
            "left": 300,
            "top": 172.96050735082156,
            "width": 200,
          }
        }
      >
        <img
          className="ground-tile"
          src="grass.png"
        />
      </div>
      <div
        className="tile"
        style={
          Object {
            "left": 0,
            "top": 115.30700490054771,
            "width": 200,
          }
        }
      >
        <img
          className="ground-tile"
          src="grass.png"
        />
      </div>
      <div
        className="tile"
        style={
          Object {
            "left": 100,
            "top": 172.96050735082156,
            "width": 200,
          }
        }
      >
        <img
          className="ground-tile"
          src="grass.png"
        />
      </div>
      <div
        className="tile"
        style={
          Object {
            "left": 200,
            "top": 230.61400980109542,
            "width": 200,
          }
        }
      >
        <img
          className="ground-tile"
          src="grass.png"
        />
      </div>
    </div>
    <div
      className="buildings"
    >
      <div
        className="tile"
        style={
          Object {
            "left": 200,
            "top": 0,
            "width": 200,
          }
        }
      >
        <img
          className="building-tile"
          src="temple.png"
        />
      </div>
      <div
        className="tile"
        style={
          Object {
            "left": 400,
            "top": 115.30700490054771,
            "width": 200,
          }
        }
      >
        <img
          className="building-tile"
          src="solar.png"
        />
      </div>
      <div
        className="tile"
        style={
          Object {
            "left": 100,
            "top": 57.653502450273855,
            "width": 200,
          }
        }
      >
        <img
          className="building-tile"
          src="house.png"
        />
      </div>
      <div
        className="tile"
        style={
          Object {
            "left": 300,
            "top": 172.96050735082156,
            "width": 200,
          }
        }
      >
        <img
          className="building-tile"
          src="house.png"
        />
      </div>
      <div
        className="tile"
        style={
          Object {
            "left": 100,
            "top": 172.96050735082156,
            "width": 200,
          }
        }
      >
        <img
          className="building-tile"
          src="factory.png"
        />
      </div>
    </div>
    <svg
      className="grid"
      height={345.9210147016431}
      width={600}
    >
      <polygon
        className="grid-tile"
        data-pos={
          Array [
            0,
            0,
          ]
        }
        points="300,0 400,57.653502450273855 300,115.30700490054771 200,57.653502450273855"
      />
      <polygon
        className="grid-tile"
        data-pos={
          Array [
            0,
            1,
          ]
        }
        points="400,57.653502450273855 500,115.30700490054771 400,172.96050735082156 300,115.30700490054771"
      />
      <polygon
        className="grid-tile"
        data-pos={
          Array [
            0,
            2,
          ]
        }
        points="500,115.30700490054771 600,172.96050735082156 500,230.61400980109542 400,172.96050735082156"
      />
      <polygon
        className="grid-tile"
        data-pos={
          Array [
            1,
            0,
          ]
        }
        points="200,57.653502450273855 300,115.30700490054771 200,172.96050735082156 100,115.30700490054771"
      />
      <polygon
        className="grid-tile"
        data-pos={
          Array [
            1,
            1,
          ]
        }
        points="300,115.30700490054771 400,172.96050735082156 300,230.61400980109542 200,172.96050735082156"
      />
      <polygon
        className="grid-tile"
        data-pos={
          Array [
            1,
            2,
          ]
        }
        points="400,172.96050735082156 500,230.61400980109542 400,288.2675122513693 300,230.61400980109542"
      />
      <polygon
        className="grid-tile"
        data-pos={
          Array [
            2,
            0,
          ]
        }
        points="100,115.30700490054771 200,172.96050735082156 100,230.61400980109542 0,172.96050735082156"
      />
      <polygon
        className="grid-tile"
        data-pos={
          Array [
            2,
            1,
          ]
        }
        points="200,172.96050735082156 300,230.61400980109542 200,288.2675122513693 100,230.61400980109542"
      />
      <polygon
        className="grid-tile"
        data-pos={
          Array [
            2,
            2,
          ]
        }
        points="300,230.61400980109542 400,288.2675122513693 300,345.9210147016431 200,288.2675122513693"
      />
    </svg>
  </div>
</div>
`;
